C:/Users/tompi/Downloads/versionf de code2-17/versionf de code2-17/x-cube-n6-ai-hand-landmarks-main/Gcc/Src/freertos_libc.c:34:6:freertos_libc_init	8	static
C:/Users/tompi/Downloads/versionf de code2-17/versionf de code2-17/x-cube-n6-ai-hand-landmarks-main/Gcc/Src/freertos_libc.c:42:6:__malloc_lock	8	static,ignoring_inline_asm
C:/Users/tompi/Downloads/versionf de code2-17/versionf de code2-17/x-cube-n6-ai-hand-landmarks-main/Gcc/Src/freertos_libc.c:56:6:__malloc_unlock	8	static,ignoring_inline_asm
