C:/Users/tompi/Downloads/versionf de code2-17/versionf de code2-17/x-cube-n6-ai-hand-landmarks-main/Lib/Camera_Middleware/ISP_Library/isp/Src/isp_algo.c:172:19:ISP_Algo_BadPixel_Init	0	static
C:/Users/tompi/Downloads/versionf de code2-17/versionf de code2-17/x-cube-n6-ai-hand-landmarks-main/Lib/Camera_Middleware/ISP_Library/isp/Src/isp_algo.c:188:19:ISP_Algo_BadPixel_DeInit	0	static
C:/Users/tompi/Downloads/versionf de code2-17/versionf de code2-17/x-cube-n6-ai-hand-landmarks-main/Lib/Camera_Middleware/ISP_Library/isp/Src/isp_algo.c:384:19:ISP_Algo_AEC_StatCb	0	static
C:/Users/tompi/Downloads/versionf de code2-17/versionf de code2-17/x-cube-n6-ai-hand-landmarks-main/Lib/Camera_Middleware/ISP_Library/isp/Src/isp_algo.c:689:19:ISP_Algo_AWB_StatCb	0	static
C:/Users/tompi/Downloads/versionf de code2-17/versionf de code2-17/x-cube-n6-ai-hand-landmarks-main/Lib/Camera_Middleware/ISP_Library/isp/Src/isp_algo.c:203:19:ISP_Algo_BadPixel_Process	32	static
C:/Users/tompi/Downloads/versionf de code2-17/versionf de code2-17/x-cube-n6-ai-hand-landmarks-main/Lib/Camera_Middleware/ISP_Library/isp/Src/isp_algo.c:366:19:ISP_Algo_AEC_DeInit	8	static
C:/Users/tompi/Downloads/versionf de code2-17/versionf de code2-17/x-cube-n6-ai-hand-landmarks-main/Lib/Camera_Middleware/ISP_Library/isp/Src/isp_algo.c:288:19:ISP_Algo_AEC_Init	32	static
C:/Users/tompi/Downloads/versionf de code2-17/versionf de code2-17/x-cube-n6-ai-hand-landmarks-main/Lib/Camera_Middleware/ISP_Library/isp/Src/isp_algo.c:273:13:log_cb	8	static
C:/Users/tompi/Downloads/versionf de code2-17/versionf de code2-17/x-cube-n6-ai-hand-landmarks-main/Lib/Camera_Middleware/ISP_Library/isp/Src/isp_algo.c:400:19:ISP_Algo_AEC_Process	48	static
C:/Users/tompi/Downloads/versionf de code2-17/versionf de code2-17/x-cube-n6-ai-hand-landmarks-main/Lib/Camera_Middleware/ISP_Library/isp/Src/isp_algo.c:644:19:ISP_Algo_AWB_Init	8	static
C:/Users/tompi/Downloads/versionf de code2-17/versionf de code2-17/x-cube-n6-ai-hand-landmarks-main/Lib/Camera_Middleware/ISP_Library/isp/Src/isp_algo.c:670:19:ISP_Algo_AWB_DeInit	8	static
C:/Users/tompi/Downloads/versionf de code2-17/versionf de code2-17/x-cube-n6-ai-hand-landmarks-main/Lib/Camera_Middleware/ISP_Library/isp/Src/isp_algo.c:537:8:ISP_Algo_ApplyGammaInverse	16	static
C:/Users/tompi/Downloads/versionf de code2-17/versionf de code2-17/x-cube-n6-ai-hand-landmarks-main/Lib/Camera_Middleware/ISP_Library/isp/Src/isp_algo.c:558:6:ISP_Algo_GetUpStat	56	static
C:/Users/tompi/Downloads/versionf de code2-17/versionf de code2-17/x-cube-n6-ai-hand-landmarks-main/Lib/Camera_Middleware/ISP_Library/isp/Src/isp_algo.c:604:6:ISP_Algo_ApplyCConv	72	static
C:/Users/tompi/Downloads/versionf de code2-17/versionf de code2-17/x-cube-n6-ai-hand-landmarks-main/Lib/Camera_Middleware/ISP_Library/isp/Src/isp_algo.c:708:19:ISP_Algo_AWB_Process	176	static
C:/Users/tompi/Downloads/versionf de code2-17/versionf de code2-17/x-cube-n6-ai-hand-landmarks-main/Lib/Camera_Middleware/ISP_Library/isp/Src/isp_algo.c:1253:19:ISP_Algo_Init	16	static
C:/Users/tompi/Downloads/versionf de code2-17/versionf de code2-17/x-cube-n6-ai-hand-landmarks-main/Lib/Camera_Middleware/ISP_Library/isp/Src/isp_algo.c:1283:19:ISP_Algo_DeInit	16	static
C:/Users/tompi/Downloads/versionf de code2-17/versionf de code2-17/x-cube-n6-ai-hand-landmarks-main/Lib/Camera_Middleware/ISP_Library/isp/Src/isp_algo.c:1311:19:ISP_Algo_Process	16	static
