C:/Users/tompi/Downloads/versionf de code2-17/versionf de code2-17/x-cube-n6-ai-hand-landmarks-main/Lib/Camera_Middleware/ISP_Library/isp/Src/isp_core.c:52:19:ISP_Init	32	static
C:/Users/tompi/Downloads/versionf de code2-17/versionf de code2-17/x-cube-n6-ai-hand-landmarks-main/Lib/Camera_Middleware/ISP_Library/isp/Src/isp_core.c:168:19:ISP_DeInit	16	static
C:/Users/tompi/Downloads/versionf de code2-17/versionf de code2-17/x-cube-n6-ai-hand-landmarks-main/Lib/Camera_Middleware/ISP_Library/isp/Src/isp_core.c:196:19:ISP_Start	24	static
C:/Users/tompi/Downloads/versionf de code2-17/versionf de code2-17/x-cube-n6-ai-hand-landmarks-main/Lib/Camera_Middleware/ISP_Library/isp/Src/isp_core.c:318:19:ISP_BackgroundProcess	16	static
C:/Users/tompi/Downloads/versionf de code2-17/versionf de code2-17/x-cube-n6-ai-hand-landmarks-main/Lib/Camera_Middleware/ISP_Library/isp/Src/isp_core.c:369:19:ISP_SetExposureTarget	16	static
C:/Users/tompi/Downloads/versionf de code2-17/versionf de code2-17/x-cube-n6-ai-hand-landmarks-main/Lib/Camera_Middleware/ISP_Library/isp/Src/isp_core.c:387:19:ISP_GetExposureTarget	16	static
C:/Users/tompi/Downloads/versionf de code2-17/versionf de code2-17/x-cube-n6-ai-hand-landmarks-main/Lib/Camera_Middleware/ISP_Library/isp/Src/isp_core.c:405:19:ISP_SetAECState	8	static
C:/Users/tompi/Downloads/versionf de code2-17/versionf de code2-17/x-cube-n6-ai-hand-landmarks-main/Lib/Camera_Middleware/ISP_Library/isp/Src/isp_core.c:422:19:ISP_GetAECState	8	static
C:/Users/tompi/Downloads/versionf de code2-17/versionf de code2-17/x-cube-n6-ai-hand-landmarks-main/Lib/Camera_Middleware/ISP_Library/isp/Src/isp_core.c:439:19:ISP_ListWBRefModes	8	static
C:/Users/tompi/Downloads/versionf de code2-17/versionf de code2-17/x-cube-n6-ai-hand-landmarks-main/Lib/Camera_Middleware/ISP_Library/isp/Src/isp_core.c:459:19:ISP_SetWBRefMode	72	static
C:/Users/tompi/Downloads/versionf de code2-17/versionf de code2-17/x-cube-n6-ai-hand-landmarks-main/Lib/Camera_Middleware/ISP_Library/isp/Src/isp_core.c:532:19:ISP_GetWBRefMode	16	static
C:/Users/tompi/Downloads/versionf de code2-17/versionf de code2-17/x-cube-n6-ai-hand-landmarks-main/Lib/Camera_Middleware/ISP_Library/isp/Src/isp_core.c:553:19:ISP_GetDecimationFactor	0	static
C:/Users/tompi/Downloads/versionf de code2-17/versionf de code2-17/x-cube-n6-ai-hand-landmarks-main/Lib/Camera_Middleware/ISP_Library/isp/Src/isp_core.c:565:19:ISP_SetStatArea	0	static
C:/Users/tompi/Downloads/versionf de code2-17/versionf de code2-17/x-cube-n6-ai-hand-landmarks-main/Lib/Camera_Middleware/ISP_Library/isp/Src/isp_core.c:577:19:ISP_GetStatArea	0	static
C:/Users/tompi/Downloads/versionf de code2-17/versionf de code2-17/x-cube-n6-ai-hand-landmarks-main/Lib/Camera_Middleware/ISP_Library/isp/Src/isp_core.c:588:6:ISP_GatherStatistics	0	static
C:/Users/tompi/Downloads/versionf de code2-17/versionf de code2-17/x-cube-n6-ai-hand-landmarks-main/Lib/Camera_Middleware/ISP_Library/isp/Src/isp_core.c:599:6:ISP_IncMainFrameId	0	static
C:/Users/tompi/Downloads/versionf de code2-17/versionf de code2-17/x-cube-n6-ai-hand-landmarks-main/Lib/Camera_Middleware/ISP_Library/isp/Src/isp_core.c:610:10:ISP_GetMainFrameId	0	static
C:/Users/tompi/Downloads/versionf de code2-17/versionf de code2-17/x-cube-n6-ai-hand-landmarks-main/Lib/Camera_Middleware/ISP_Library/isp/Src/isp_core.c:621:6:ISP_IncAncillaryFrameId	0	static
C:/Users/tompi/Downloads/versionf de code2-17/versionf de code2-17/x-cube-n6-ai-hand-landmarks-main/Lib/Camera_Middleware/ISP_Library/isp/Src/isp_core.c:632:10:ISP_GetAncillaryFrameId	0	static
C:/Users/tompi/Downloads/versionf de code2-17/versionf de code2-17/x-cube-n6-ai-hand-landmarks-main/Lib/Camera_Middleware/ISP_Library/isp/Src/isp_core.c:643:6:ISP_IncDumpFrameId	0	static
C:/Users/tompi/Downloads/versionf de code2-17/versionf de code2-17/x-cube-n6-ai-hand-landmarks-main/Lib/Camera_Middleware/ISP_Library/isp/Src/isp_core.c:654:10:ISP_GetDumpFrameId	0	static
C:/Users/tompi/Downloads/versionf de code2-17/versionf de code2-17/x-cube-n6-ai-hand-landmarks-main/Lib/Camera_Middleware/ISP_Library/isp/Src/isp_core.c:665:6:ISP_OutputMeta	24	static
