C:/Users/tompi/Downloads/versionf de code2-17/versionf de code2-17/x-cube-n6-ai-hand-landmarks-main/Lib/Camera_Middleware/ISP_Library/isp/Src/isp_services.c:195:16:GetAvgStats	8	static
C:/Users/tompi/Downloads/versionf de code2-17/versionf de code2-17/x-cube-n6-ai-hand-landmarks-main/Lib/Camera_Middleware/ISP_Library/isp/Src/isp_services.c:235:13:SetStatConfig	20	static
C:/Users/tompi/Downloads/versionf de code2-17/versionf de code2-17/x-cube-n6-ai-hand-landmarks-main/Lib/Camera_Middleware/ISP_Library/isp/Src/isp_services.c:227:13:ReadStatHistogram	16	static
C:/Users/tompi/Downloads/versionf de code2-17/versionf de code2-17/x-cube-n6-ai-hand-landmarks-main/Lib/Camera_Middleware/ISP_Library/isp/Src/isp_services.c:434:9:LuminanceFromRGB	8	static
C:/Users/tompi/Downloads/versionf de code2-17/versionf de code2-17/x-cube-n6-ai-hand-landmarks-main/Lib/Camera_Middleware/ISP_Library/isp/Src/isp_services.c:440:9:LuminanceFromRGBMono	0	static
C:/Users/tompi/Downloads/versionf de code2-17/versionf de code2-17/x-cube-n6-ai-hand-landmarks-main/Lib/Camera_Middleware/ISP_Library/isp/Src/isp_services.c:456:19:ISP_SVC_ISP_SetDemosaicing	48	static
C:/Users/tompi/Downloads/versionf de code2-17/versionf de code2-17/x-cube-n6-ai-hand-landmarks-main/Lib/Camera_Middleware/ISP_Library/isp/Src/isp_services.c:521:19:ISP_SVC_ISP_SetStatRemoval	8	static
C:/Users/tompi/Downloads/versionf de code2-17/versionf de code2-17/x-cube-n6-ai-hand-landmarks-main/Lib/Camera_Middleware/ISP_Library/isp/Src/isp_services.c:560:19:ISP_SVC_ISP_SetDecimation	24	static
C:/Users/tompi/Downloads/versionf de code2-17/versionf de code2-17/x-cube-n6-ai-hand-landmarks-main/Lib/Camera_Middleware/ISP_Library/isp/Src/isp_services.c:620:19:ISP_SVC_ISP_GetDecimation	0	static
C:/Users/tompi/Downloads/versionf de code2-17/versionf de code2-17/x-cube-n6-ai-hand-landmarks-main/Lib/Camera_Middleware/ISP_Library/isp/Src/isp_services.c:635:19:ISP_SVC_ISP_SetContrast	48	static
C:/Users/tompi/Downloads/versionf de code2-17/versionf de code2-17/x-cube-n6-ai-hand-landmarks-main/Lib/Camera_Middleware/ISP_Library/isp/Src/isp_services.c:689:19:ISP_SVC_ISP_SetStatArea	40	static
C:/Users/tompi/Downloads/versionf de code2-17/versionf de code2-17/x-cube-n6-ai-hand-landmarks-main/Lib/Camera_Middleware/ISP_Library/isp/Src/isp_services.c:742:19:ISP_SVC_ISP_GetStatArea	32	static
C:/Users/tompi/Downloads/versionf de code2-17/versionf de code2-17/x-cube-n6-ai-hand-landmarks-main/Lib/Camera_Middleware/ISP_Library/isp/Src/isp_services.c:781:19:ISP_SVC_ISP_SetBadPixel	8	static
C:/Users/tompi/Downloads/versionf de code2-17/versionf de code2-17/x-cube-n6-ai-hand-landmarks-main/Lib/Camera_Middleware/ISP_Library/isp/Src/isp_services.c:821:19:ISP_SVC_ISP_GetBadPixel	16	static
C:/Users/tompi/Downloads/versionf de code2-17/versionf de code2-17/x-cube-n6-ai-hand-landmarks-main/Lib/Camera_Middleware/ISP_Library/isp/Src/isp_services.c:851:19:ISP_SVC_ISP_SetBlackLevel	16	static
C:/Users/tompi/Downloads/versionf de code2-17/versionf de code2-17/x-cube-n6-ai-hand-landmarks-main/Lib/Camera_Middleware/ISP_Library/isp/Src/isp_services.c:894:19:ISP_SVC_ISP_GetBlackLevel	24	static
C:/Users/tompi/Downloads/versionf de code2-17/versionf de code2-17/x-cube-n6-ai-hand-landmarks-main/Lib/Camera_Middleware/ISP_Library/isp/Src/isp_services.c:922:19:ISP_SVC_ISP_SetGain	48	static
C:/Users/tompi/Downloads/versionf de code2-17/versionf de code2-17/x-cube-n6-ai-hand-landmarks-main/Lib/Camera_Middleware/ISP_Library/isp/Src/isp_services.c:965:19:ISP_SVC_ISP_GetGain	32	static
C:/Users/tompi/Downloads/versionf de code2-17/versionf de code2-17/x-cube-n6-ai-hand-landmarks-main/Lib/Camera_Middleware/ISP_Library/isp/Src/isp_services.c:992:19:ISP_SVC_ISP_SetColorConv	48	static
C:/Users/tompi/Downloads/versionf de code2-17/versionf de code2-17/x-cube-n6-ai-hand-landmarks-main/Lib/Camera_Middleware/ISP_Library/isp/Src/isp_services.c:1055:19:ISP_SVC_ISP_GetColorConv	48	static
C:/Users/tompi/Downloads/versionf de code2-17/versionf de code2-17/x-cube-n6-ai-hand-landmarks-main/Lib/Camera_Middleware/ISP_Library/isp/Src/isp_services.c:1089:19:ISP_SVC_Sensor_GetInfo	8	static
C:/Users/tompi/Downloads/versionf de code2-17/versionf de code2-17/x-cube-n6-ai-hand-landmarks-main/Lib/Camera_Middleware/ISP_Library/isp/Src/isp_services.c:1115:19:ISP_SVC_Sensor_SetGain	8	static
C:/Users/tompi/Downloads/versionf de code2-17/versionf de code2-17/x-cube-n6-ai-hand-landmarks-main/Lib/Camera_Middleware/ISP_Library/isp/Src/isp_services.c:1143:19:ISP_SVC_Sensor_GetGain	8	static
C:/Users/tompi/Downloads/versionf de code2-17/versionf de code2-17/x-cube-n6-ai-hand-landmarks-main/Lib/Camera_Middleware/ISP_Library/isp/Src/isp_services.c:1169:19:ISP_SVC_Sensor_SetExposure	8	static
C:/Users/tompi/Downloads/versionf de code2-17/versionf de code2-17/x-cube-n6-ai-hand-landmarks-main/Lib/Camera_Middleware/ISP_Library/isp/Src/isp_services.c:1197:19:ISP_SVC_Sensor_GetExposure	8	static
C:/Users/tompi/Downloads/versionf de code2-17/versionf de code2-17/x-cube-n6-ai-hand-landmarks-main/Lib/Camera_Middleware/ISP_Library/isp/Src/isp_services.c:1223:19:ISP_SVC_Sensor_SetTestPattern	8	static
C:/Users/tompi/Downloads/versionf de code2-17/versionf de code2-17/x-cube-n6-ai-hand-landmarks-main/Lib/Camera_Middleware/ISP_Library/isp/Src/isp_services.c:1252:19:ISP_SVC_Misc_GetDCMIPPVersion	0	static
C:/Users/tompi/Downloads/versionf de code2-17/versionf de code2-17/x-cube-n6-ai-hand-landmarks-main/Lib/Camera_Middleware/ISP_Library/isp/Src/isp_services.c:1273:19:ISP_SVC_Misc_IsDCMIPPReady	8	static
C:/Users/tompi/Downloads/versionf de code2-17/versionf de code2-17/x-cube-n6-ai-hand-landmarks-main/Lib/Camera_Middleware/ISP_Library/isp/Src/isp_services.c:1295:19:ISP_SVC_Misc_GetFirmwareConfig	16	static
C:/Users/tompi/Downloads/versionf de code2-17/versionf de code2-17/x-cube-n6-ai-hand-landmarks-main/Lib/Camera_Middleware/ISP_Library/isp/Src/isp_services.c:1336:6:ISP_SVC_Misc_IncMainFrameId	0	static
C:/Users/tompi/Downloads/versionf de code2-17/versionf de code2-17/x-cube-n6-ai-hand-landmarks-main/Lib/Camera_Middleware/ISP_Library/isp/Src/isp_services.c:1347:10:ISP_SVC_Misc_GetMainFrameId	0	static
C:/Users/tompi/Downloads/versionf de code2-17/versionf de code2-17/x-cube-n6-ai-hand-landmarks-main/Lib/Camera_Middleware/ISP_Library/isp/Src/isp_services.c:1358:6:ISP_SVC_Misc_IncAncillaryFrameId	0	static
C:/Users/tompi/Downloads/versionf de code2-17/versionf de code2-17/x-cube-n6-ai-hand-landmarks-main/Lib/Camera_Middleware/ISP_Library/isp/Src/isp_services.c:1369:10:ISP_SVC_Misc_GetAncillaryFrameId	0	static
C:/Users/tompi/Downloads/versionf de code2-17/versionf de code2-17/x-cube-n6-ai-hand-landmarks-main/Lib/Camera_Middleware/ISP_Library/isp/Src/isp_services.c:1380:6:ISP_SVC_Misc_IncDumpFrameId	0	static
C:/Users/tompi/Downloads/versionf de code2-17/versionf de code2-17/x-cube-n6-ai-hand-landmarks-main/Lib/Camera_Middleware/ISP_Library/isp/Src/isp_services.c:1391:10:ISP_SVC_Misc_GetDumpFrameId	0	static
C:/Users/tompi/Downloads/versionf de code2-17/versionf de code2-17/x-cube-n6-ai-hand-landmarks-main/Lib/Camera_Middleware/ISP_Library/isp/Src/isp_services.c:1403:19:ISP_SVC_Misc_SetWBRefMode	0	static
C:/Users/tompi/Downloads/versionf de code2-17/versionf de code2-17/x-cube-n6-ai-hand-landmarks-main/Lib/Camera_Middleware/ISP_Library/isp/Src/isp_services.c:1419:19:ISP_SVC_Misc_GetWBRefMode	0	static
C:/Users/tompi/Downloads/versionf de code2-17/versionf de code2-17/x-cube-n6-ai-hand-landmarks-main/Lib/Camera_Middleware/ISP_Library/isp/Src/isp_services.c:1434:6:ISP_SVC_Misc_SensorDelayMeasureStart	0	static
C:/Users/tompi/Downloads/versionf de code2-17/versionf de code2-17/x-cube-n6-ai-hand-landmarks-main/Lib/Camera_Middleware/ISP_Library/isp/Src/isp_services.c:1445:6:ISP_SVC_Misc_SensorDelayMeasureStop	0	static
C:/Users/tompi/Downloads/versionf de code2-17/versionf de code2-17/x-cube-n6-ai-hand-landmarks-main/Lib/Camera_Middleware/ISP_Library/isp/Src/isp_services.c:1456:6:ISP_SVC_Misc_SensorDelayMeasureIsRunning	0	static
C:/Users/tompi/Downloads/versionf de code2-17/versionf de code2-17/x-cube-n6-ai-hand-landmarks-main/Lib/Camera_Middleware/ISP_Library/isp/Src/isp_services.c:1468:19:ISP_SVC_Misc_SendSensorDelayMeasure	0	static
C:/Users/tompi/Downloads/versionf de code2-17/versionf de code2-17/x-cube-n6-ai-hand-landmarks-main/Lib/Camera_Middleware/ISP_Library/isp/Src/isp_services.c:1483:19:ISP_SVC_Misc_StopPreview	0	static
C:/Users/tompi/Downloads/versionf de code2-17/versionf de code2-17/x-cube-n6-ai-hand-landmarks-main/Lib/Camera_Middleware/ISP_Library/isp/Src/isp_services.c:1505:19:ISP_SVC_Misc_StartPreview	0	static
C:/Users/tompi/Downloads/versionf de code2-17/versionf de code2-17/x-cube-n6-ai-hand-landmarks-main/Lib/Camera_Middleware/ISP_Library/isp/Src/isp_services.c:1528:6:ISP_SVC_Misc_IsGammaEnabled	8	static
C:/Users/tompi/Downloads/versionf de code2-17/versionf de code2-17/x-cube-n6-ai-hand-landmarks-main/Lib/Camera_Middleware/ISP_Library/isp/Src/isp_services.c:1560:19:ISP_SVC_ISP_SetGamma	8	static
C:/Users/tompi/Downloads/versionf de code2-17/versionf de code2-17/x-cube-n6-ai-hand-landmarks-main/Lib/Camera_Middleware/ISP_Library/isp/Src/isp_services.c:1602:19:ISP_SVC_Dump_GetFrame	24	static
C:/Users/tompi/Downloads/versionf de code2-17/versionf de code2-17/x-cube-n6-ai-hand-landmarks-main/Lib/Camera_Middleware/ISP_Library/isp/Src/isp_services.c:1641:19:ISP_SVC_IQParam_Init	8	static
C:/Users/tompi/Downloads/versionf de code2-17/versionf de code2-17/x-cube-n6-ai-hand-landmarks-main/Lib/Camera_Middleware/ISP_Library/isp/Src/isp_services.c:1655:21:ISP_SVC_IQParam_Get	0	static
C:/Users/tompi/Downloads/versionf de code2-17/versionf de code2-17/x-cube-n6-ai-hand-landmarks-main/Lib/Camera_Middleware/ISP_Library/isp/Src/isp_services.c:1668:6:ISP_SVC_Stats_Init	0	static
C:/Users/tompi/Downloads/versionf de code2-17/versionf de code2-17/x-cube-n6-ai-hand-landmarks-main/Lib/Camera_Middleware/ISP_Library/isp/Src/isp_services.c:1680:6:ISP_SVC_Stats_Gather	88	static
C:/Users/tompi/Downloads/versionf de code2-17/versionf de code2-17/x-cube-n6-ai-hand-landmarks-main/Lib/Camera_Middleware/ISP_Library/isp/Src/isp_services.c:1909:19:ISP_SVC_Stats_ProcessCallbacks	32	static
C:/Users/tompi/Downloads/versionf de code2-17/versionf de code2-17/x-cube-n6-ai-hand-landmarks-main/Lib/Camera_Middleware/ISP_Library/isp/Src/isp_services.c:1955:19:ISP_SVC_Stats_GetLatest	8	static
C:/Users/tompi/Downloads/versionf de code2-17/versionf de code2-17/x-cube-n6-ai-hand-landmarks-main/Lib/Camera_Middleware/ISP_Library/isp/Src/isp_services.c:1981:19:ISP_SVC_Stats_GetNext	28	static
