C:/Users/tompi/Downloads/versionf de code2-17/versionf de code2-17/x-cube-n6-ai-hand-landmarks-main/Model/hand_landmark.c:339:13:_ec_blob_cache_start_func_68	0	static
C:/Users/tompi/Downloads/versionf de code2-17/versionf de code2-17/x-cube-n6-ai-hand-landmarks-main/Model/hand_landmark.c:192:13:_ec_blob_cache_start_func_65	8	static
C:/Users/tompi/Downloads/versionf de code2-17/versionf de code2-17/x-cube-n6-ai-hand-landmarks-main/Model/hand_landmark.c:114:13:_ec_blob_cache_start_func_1	0	static
C:/Users/tompi/Downloads/versionf de code2-17/versionf de code2-17/x-cube-n6-ai-hand-landmarks-main/Model/hand_landmark.c:353:13:LL_ATON_End_EpochBlock_69	200	static
C:/Users/tompi/Downloads/versionf de code2-17/versionf de code2-17/x-cube-n6-ai-hand-landmarks-main/Model/hand_landmark.c:275:13:LL_ATON_End_EpochBlock_67	200	static
C:/Users/tompi/Downloads/versionf de code2-17/versionf de code2-17/x-cube-n6-ai-hand-landmarks-main/Model/hand_landmark.c:212:13:LL_ATON_End_EpochBlock_66	200	static
C:/Users/tompi/Downloads/versionf de code2-17/versionf de code2-17/x-cube-n6-ai-hand-landmarks-main/Model/hand_landmark.c:128:13:LL_ATON_End_EpochBlock_64	200	static
C:/Users/tompi/Downloads/versionf de code2-17/versionf de code2-17/x-cube-n6-ai-hand-landmarks-main/Model/hand_landmark.c:79:26:LL_ATON_Set_User_Input_Buffer_hand_landmark	0	static
C:/Users/tompi/Downloads/versionf de code2-17/versionf de code2-17/x-cube-n6-ai-hand-landmarks-main/Model/hand_landmark.c:86:7:LL_ATON_Get_User_Input_Buffer_hand_landmark	0	static
C:/Users/tompi/Downloads/versionf de code2-17/versionf de code2-17/x-cube-n6-ai-hand-landmarks-main/Model/hand_landmark.c:93:26:LL_ATON_Set_User_Output_Buffer_hand_landmark	0	static
C:/Users/tompi/Downloads/versionf de code2-17/versionf de code2-17/x-cube-n6-ai-hand-landmarks-main/Model/hand_landmark.c:100:7:LL_ATON_Get_User_Output_Buffer_hand_landmark	0	static
C:/Users/tompi/Downloads/versionf de code2-17/versionf de code2-17/x-cube-n6-ai-hand-landmarks-main/Model/hand_landmark_ecblobs.h:5872:6:LL_ATON_EC_Network_Init_hand_landmark	0	static
C:/Users/tompi/Downloads/versionf de code2-17/versionf de code2-17/x-cube-n6-ai-hand-landmarks-main/Model/hand_landmark_ecblobs.h:5878:6:LL_ATON_EC_Inference_Init_hand_landmark	0	static
C:/Users/tompi/Downloads/versionf de code2-17/versionf de code2-17/x-cube-n6-ai-hand-landmarks-main/Model/hand_landmark.c:418:31:LL_ATON_EpochBlockItems_hand_landmark	0	static
C:/Users/tompi/Downloads/versionf de code2-17/versionf de code2-17/x-cube-n6-ai-hand-landmarks-main/Model/hand_landmark.c:519:30:LL_ATON_Input_Buffers_Info_hand_landmark	0	static
C:/Users/tompi/Downloads/versionf de code2-17/versionf de code2-17/x-cube-n6-ai-hand-landmarks-main/Model/hand_landmark.c:2961:30:LL_ATON_Output_Buffers_Info_hand_landmark	0	static
C:/Users/tompi/Downloads/versionf de code2-17/versionf de code2-17/x-cube-n6-ai-hand-landmarks-main/Model/hand_landmark.c:3060:30:LL_ATON_Internal_Buffers_Info_hand_landmark	0	static
