C:/Users/tompi/Downloads/versionf de code2-17/versionf de code2-17/x-cube-n6-ai-hand-landmarks-main/Model/palm_detector.c:965:13:_ec_blob_cache_start_func_154	0	static
C:/Users/tompi/Downloads/versionf de code2-17/versionf de code2-17/x-cube-n6-ai-hand-landmarks-main/Model/palm_detector.c:706:13:_ec_blob_cache_start_func_135	8	static
C:/Users/tompi/Downloads/versionf de code2-17/versionf de code2-17/x-cube-n6-ai-hand-landmarks-main/Model/palm_detector.c:460:13:_ec_blob_cache_start_func_71	0	static
C:/Users/tompi/Downloads/versionf de code2-17/versionf de code2-17/x-cube-n6-ai-hand-landmarks-main/Model/palm_detector.c:377:13:_ec_blob_cache_start_func_50	0	static
C:/Users/tompi/Downloads/versionf de code2-17/versionf de code2-17/x-cube-n6-ai-hand-landmarks-main/Model/palm_detector.c:583:13:_ec_blob_cache_start_func_120	0	static
C:/Users/tompi/Downloads/versionf de code2-17/versionf de code2-17/x-cube-n6-ai-hand-landmarks-main/Model/palm_detector.c:294:13:_ec_blob_cache_start_func_29	0	static
C:/Users/tompi/Downloads/versionf de code2-17/versionf de code2-17/x-cube-n6-ai-hand-landmarks-main/Model/palm_detector.c:211:13:_ec_blob_cache_start_func_26	0	static
C:/Users/tompi/Downloads/versionf de code2-17/versionf de code2-17/x-cube-n6-ai-hand-landmarks-main/Model/palm_detector.c:128:13:_ec_blob_cache_start_func_1	0	static
C:/Users/tompi/Downloads/versionf de code2-17/versionf de code2-17/x-cube-n6-ai-hand-landmarks-main/Model/palm_detector.c:907:13:LL_ATON_End_EpochBlock_153	200	static
C:/Users/tompi/Downloads/versionf de code2-17/versionf de code2-17/x-cube-n6-ai-hand-landmarks-main/Model/palm_detector.c:726:13:LL_ATON_End_EpochBlock_151	192	static
C:/Users/tompi/Downloads/versionf de code2-17/versionf de code2-17/x-cube-n6-ai-hand-landmarks-main/Model/palm_detector.c:783:13:LL_ATON_End_EpochBlock_152	24	static
C:/Users/tompi/Downloads/versionf de code2-17/versionf de code2-17/x-cube-n6-ai-hand-landmarks-main/Model/palm_detector.c:597:13:LL_ATON_End_EpochBlock_134	424	static
C:/Users/tompi/Downloads/versionf de code2-17/versionf de code2-17/x-cube-n6-ai-hand-landmarks-main/Model/palm_detector.c:474:13:LL_ATON_End_EpochBlock_119	424	static
C:/Users/tompi/Downloads/versionf de code2-17/versionf de code2-17/x-cube-n6-ai-hand-landmarks-main/Model/palm_detector.c:391:13:LL_ATON_End_EpochBlock_70	32	static
C:/Users/tompi/Downloads/versionf de code2-17/versionf de code2-17/x-cube-n6-ai-hand-landmarks-main/Model/palm_detector.c:308:13:LL_ATON_End_EpochBlock_49	32	static
C:/Users/tompi/Downloads/versionf de code2-17/versionf de code2-17/x-cube-n6-ai-hand-landmarks-main/Model/palm_detector.c:225:13:LL_ATON_End_EpochBlock_28	32	static
C:/Users/tompi/Downloads/versionf de code2-17/versionf de code2-17/x-cube-n6-ai-hand-landmarks-main/Model/palm_detector.c:142:13:LL_ATON_End_EpochBlock_25	32	static
C:/Users/tompi/Downloads/versionf de code2-17/versionf de code2-17/x-cube-n6-ai-hand-landmarks-main/Model/palm_detector.c:82:26:LL_ATON_Set_User_Input_Buffer_palm_detector	0	static
C:/Users/tompi/Downloads/versionf de code2-17/versionf de code2-17/x-cube-n6-ai-hand-landmarks-main/Model/palm_detector.c:97:7:LL_ATON_Get_User_Input_Buffer_palm_detector	0	static
C:/Users/tompi/Downloads/versionf de code2-17/versionf de code2-17/x-cube-n6-ai-hand-landmarks-main/Model/palm_detector.c:107:26:LL_ATON_Set_User_Output_Buffer_palm_detector	0	static
C:/Users/tompi/Downloads/versionf de code2-17/versionf de code2-17/x-cube-n6-ai-hand-landmarks-main/Model/palm_detector.c:114:7:LL_ATON_Get_User_Output_Buffer_palm_detector	0	static
C:/Users/tompi/Downloads/versionf de code2-17/versionf de code2-17/x-cube-n6-ai-hand-landmarks-main/Model/palm_detector_ecblobs.h:11963:6:LL_ATON_EC_Network_Init_palm_detector	16	static
C:/Users/tompi/Downloads/versionf de code2-17/versionf de code2-17/x-cube-n6-ai-hand-landmarks-main/Model/palm_detector_ecblobs.h:11984:6:LL_ATON_EC_Inference_Init_palm_detector	16	static
C:/Users/tompi/Downloads/versionf de code2-17/versionf de code2-17/x-cube-n6-ai-hand-landmarks-main/Model/palm_detector.c:979:31:LL_ATON_EpochBlockItems_palm_detector	0	static
C:/Users/tompi/Downloads/versionf de code2-17/versionf de code2-17/x-cube-n6-ai-hand-landmarks-main/Model/palm_detector.c:1205:30:LL_ATON_Input_Buffers_Info_palm_detector	0	static
C:/Users/tompi/Downloads/versionf de code2-17/versionf de code2-17/x-cube-n6-ai-hand-landmarks-main/Model/palm_detector.c:4140:30:LL_ATON_Output_Buffers_Info_palm_detector	0	static
C:/Users/tompi/Downloads/versionf de code2-17/versionf de code2-17/x-cube-n6-ai-hand-landmarks-main/Model/palm_detector.c:4197:30:LL_ATON_Internal_Buffers_Info_palm_detector	0	static
