../../../STM32Cube_FW_N6/Drivers/STM32N6xx_HAL_Driver/Inc/stm32n6xx_ll_bus.h:679:22:LL_MEM_EnableClock	1
../../../STM32Cube_FW_N6/Drivers/STM32N6xx_HAL_Driver/Inc/stm32n6xx_ll_bus.h:1755:22:LL_AHB5_GRP1_EnableClock	1
C:/Users/tompi/Downloads/versionf de code2-17/versionf de code2-17/x-cube-n6-ai-hand-landmarks-main/Src/main.c:186:13:SystemClock_Config	4
C:/Users/tompi/Downloads/versionf de code2-17/versionf de code2-17/x-cube-n6-ai-hand-landmarks-main/Src/main.c:370:13:main_thread_fct	4
C:/Users/tompi/Downloads/versionf de code2-17/versionf de code2-17/x-cube-n6-ai-hand-landmarks-main/Src/main.c:67:5:main	4
C:/Users/tompi/Downloads/versionf de code2-17/versionf de code2-17/x-cube-n6-ai-hand-landmarks-main/Src/main.c:179:6:IAC_IRQHandler	1
C:/Users/tompi/Downloads/versionf de code2-17/versionf de code2-17/x-cube-n6-ai-hand-landmarks-main/Src/main.c:442:19:MX_DCMIPP_ClockConfig	2
C:/Users/tompi/Downloads/versionf de code2-17/versionf de code2-17/x-cube-n6-ai-hand-landmarks-main/Src/main.c:465:6:HAL_CACHEAXI_MspInit	1
C:/Users/tompi/Downloads/versionf de code2-17/versionf de code2-17/x-cube-n6-ai-hand-landmarks-main/Src/main.c:473:6:HAL_CACHEAXI_MspDeInit	1
C:/Users/tompi/Downloads/versionf de code2-17/versionf de code2-17/x-cube-n6-ai-hand-landmarks-main/Src/main.c:489:6:assert_failed	1
C:/Users/tompi/Downloads/versionf de code2-17/versionf de code2-17/x-cube-n6-ai-hand-landmarks-main/Src/main.c:501:45:app_clean_invalidate_dbg	3
C:/Users/tompi/Downloads/versionf de code2-17/versionf de code2-17/x-cube-n6-ai-hand-landmarks-main/Src/main.c:506:6:HAL_GPU2D_MspInit	2
C:/Users/tompi/Downloads/versionf de code2-17/versionf de code2-17/x-cube-n6-ai-hand-landmarks-main/Src/main.c:522:6:HAL_GPU2D_MspDeInit	2
C:/Users/tompi/Downloads/versionf de code2-17/versionf de code2-17/x-cube-n6-ai-hand-landmarks-main/Src/main.c:530:6:HAL_GFXMMU_MspInit	1
C:/Users/tompi/Downloads/versionf de code2-17/versionf de code2-17/x-cube-n6-ai-hand-landmarks-main/Src/main.c:540:6:HAL_GFXMMU_MspDeInit	1
