C:/Users/tompi/Downloads/versionf de code2-17/versionf de code2-17/x-cube-n6-ai-hand-landmarks-main/Lib/screenl/Src/scrl_lcd.c:204:16:LTDC_FillRectRgb888	24	static
C:/Users/tompi/Downloads/versionf de code2-17/versionf de code2-17/x-cube-n6-ai-hand-landmarks-main/Lib/screenl/Src/scrl_lcd.c:232:16:LTDC_FillRectArgb8888	24	static
C:/Users/tompi/Downloads/versionf de code2-17/versionf de code2-17/x-cube-n6-ai-hand-landmarks-main/Lib/screenl/Src/scrl_lcd.c:379:16:LTDC_GetFormat	0	static
C:/Users/tompi/Downloads/versionf de code2-17/versionf de code2-17/x-cube-n6-ai-hand-landmarks-main/Lib/screenl/Src/scrl_lcd.c:363:16:LTDC_SetLayer	16	static
C:/Users/tompi/Downloads/versionf de code2-17/versionf de code2-17/x-cube-n6-ai-hand-landmarks-main/Lib/screenl/Src/scrl_lcd.c:358:16:LTDC_GetYSize	0	static
C:/Users/tompi/Downloads/versionf de code2-17/versionf de code2-17/x-cube-n6-ai-hand-landmarks-main/Lib/screenl/Src/scrl_lcd.c:353:16:LTDC_GetXSize	0	static
C:/Users/tompi/Downloads/versionf de code2-17/versionf de code2-17/x-cube-n6-ai-hand-landmarks-main/Lib/screenl/Src/scrl_lcd.c:338:16:LTDC_GetPixel	0	static
C:/Users/tompi/Downloads/versionf de code2-17/versionf de code2-17/x-cube-n6-ai-hand-landmarks-main/Lib/screenl/Src/scrl_lcd.c:327:16:LTDC_FillRect	16	static
C:/Users/tompi/Downloads/versionf de code2-17/versionf de code2-17/x-cube-n6-ai-hand-landmarks-main/Lib/screenl/Src/scrl_lcd.c:296:16:LTDC_FillRGBRect	32	static
C:/Users/tompi/Downloads/versionf de code2-17/versionf de code2-17/x-cube-n6-ai-hand-landmarks-main/Lib/screenl/Src/scrl_lcd.c:291:16:LTDC_DrawBitmap	0	static
C:/Users/tompi/Downloads/versionf de code2-17/versionf de code2-17/x-cube-n6-ai-hand-landmarks-main/Lib/screenl/Src/scrl_lcd.c:127:13:fill_lcd_layer_config_from_scrl_layer_config	8	static
C:/Users/tompi/Downloads/versionf de code2-17/versionf de code2-17/x-cube-n6-ai-hand-landmarks-main/Lib/screenl/Src/scrl_lcd.c:343:16:LTDC_SetPixel	32	static
C:/Users/tompi/Downloads/versionf de code2-17/versionf de code2-17/x-cube-n6-ai-hand-landmarks-main/Lib/screenl/Src/scrl_lcd.c:317:16:LTDC_DrawVLine	32	static
C:/Users/tompi/Downloads/versionf de code2-17/versionf de code2-17/x-cube-n6-ai-hand-landmarks-main/Lib/screenl/Src/scrl_lcd.c:307:16:LTDC_DrawHLine	32	static
C:/Users/tompi/Downloads/versionf de code2-17/versionf de code2-17/x-cube-n6-ai-hand-landmarks-main/Lib/screenl/Src/scrl_lcd.c:398:5:SCRL_Init	48	static
C:/Users/tompi/Downloads/versionf de code2-17/versionf de code2-17/x-cube-n6-ai-hand-landmarks-main/Lib/screenl/Src/scrl_lcd.c:426:5:SCRL_SetAddress_NoReload	8	static
C:/Users/tompi/Downloads/versionf de code2-17/versionf de code2-17/x-cube-n6-ai-hand-landmarks-main/Lib/screenl/Src/scrl_lcd.c:431:5:SCRL_ReloadLayer	8	static
C:/Users/tompi/Downloads/versionf de code2-17/versionf de code2-17/x-cube-n6-ai-hand-landmarks-main/Lib/screenl/Src/scrl_lcd.c:436:5:SRCL_Update	0	static
C:/Users/tompi/Downloads/versionf de code2-17/versionf de code2-17/x-cube-n6-ai-hand-landmarks-main/Lib/screenl/Src/scrl_lcd.c:442:19:MX_LTDC_ConfigLayer	136	static
