C:/Users/tompi/Downloads/versionf de code2-17/versionf de code2-17/x-cube-n6-ai-hand-landmarks-main/Lib/FreeRTOS/Source/portable/GCC/ARM_CM55_NTZ/non_secure/port.c:773:13:prvTaskExitError	16	static
C:/Users/tompi/Downloads/versionf de code2-17/versionf de code2-17/x-cube-n6-ai-hand-landmarks-main/Lib/FreeRTOS/Source/portable/GCC/ARM_CM55_NTZ/non_secure/port.c:752:32:vPortSetupTimerInterrupt	0	static
C:/Users/tompi/Downloads/versionf de code2-17/versionf de code2-17/x-cube-n6-ai-hand-landmarks-main/Lib/FreeRTOS/Source/portable/GCC/ARM_CM55_NTZ/non_secure/port.c:934:6:vPortYield	0	static,ignoring_inline_asm
C:/Users/tompi/Downloads/versionf de code2-17/versionf de code2-17/x-cube-n6-ai-hand-landmarks-main/Lib/FreeRTOS/Source/portable/GCC/ARM_CM55_NTZ/non_secure/port.c:946:6:vPortEnterCritical	8	static,ignoring_inline_asm
C:/Users/tompi/Downloads/versionf de code2-17/versionf de code2-17/x-cube-n6-ai-hand-landmarks-main/Lib/FreeRTOS/Source/portable/GCC/ARM_CM55_NTZ/non_secure/port.c:958:6:vPortExitCritical	8	static
C:/Users/tompi/Downloads/versionf de code2-17/versionf de code2-17/x-cube-n6-ai-hand-landmarks-main/Lib/FreeRTOS/Source/portable/GCC/ARM_CM55_NTZ/non_secure/port.c:970:6:SysTick_Handler	8	static
C:/Users/tompi/Downloads/versionf de code2-17/versionf de code2-17/x-cube-n6-ai-hand-landmarks-main/Lib/FreeRTOS/Source/portable/GCC/ARM_CM55_NTZ/non_secure/port.c:987:6:vPortSVCHandler_C	8	static
C:/Users/tompi/Downloads/versionf de code2-17/versionf de code2-17/x-cube-n6-ai-hand-landmarks-main/Lib/FreeRTOS/Source/portable/GCC/ARM_CM55_NTZ/non_secure/port.c:1477:19:pxPortInitialiseStack	8	static
C:/Users/tompi/Downloads/versionf de code2-17/versionf de code2-17/x-cube-n6-ai-hand-landmarks-main/Lib/FreeRTOS/Source/portable/GCC/ARM_CM55_NTZ/non_secure/port.c:1560:12:xPortStartScheduler	24	static
C:/Users/tompi/Downloads/versionf de code2-17/versionf de code2-17/x-cube-n6-ai-hand-landmarks-main/Lib/FreeRTOS/Source/portable/GCC/ARM_CM55_NTZ/non_secure/port.c:1686:6:vPortEndScheduler	8	static
C:/Users/tompi/Downloads/versionf de code2-17/versionf de code2-17/x-cube-n6-ai-hand-landmarks-main/Lib/FreeRTOS/Source/portable/GCC/ARM_CM55_NTZ/non_secure/port.c:1866:12:xPortIsInsideInterrupt	0	static,ignoring_inline_asm
C:/Users/tompi/Downloads/versionf de code2-17/versionf de code2-17/x-cube-n6-ai-hand-landmarks-main/Lib/FreeRTOS/Source/portable/GCC/ARM_CM55_NTZ/non_secure/port.c:1891:10:vPortValidateInterruptPriority	8	static,ignoring_inline_asm
