C:/Users/tompi/Downloads/versionf de code2-17/versionf de code2-17/x-cube-n6-ai-hand-landmarks-main/Lib/Camera_Middleware/sensors/cmw_vd66gy.c:48:12:CMW_VD66GY_Read16	24	static
C:/Users/tompi/Downloads/versionf de code2-17/versionf de code2-17/x-cube-n6-ai-hand-landmarks-main/Lib/Camera_Middleware/sensors/cmw_vd66gy.c:91:13:VD6G_ShutdownPin	0	static
C:/Users/tompi/Downloads/versionf de code2-17/versionf de code2-17/x-cube-n6-ai-hand-landmarks-main/Lib/Camera_Middleware/sensors/cmw_vd66gy.c:98:12:VD6G_Read8	4	static
C:/Users/tompi/Downloads/versionf de code2-17/versionf de code2-17/x-cube-n6-ai-hand-landmarks-main/Lib/Camera_Middleware/sensors/cmw_vd66gy.c:105:12:VD6G_Read16	0	static
C:/Users/tompi/Downloads/versionf de code2-17/versionf de code2-17/x-cube-n6-ai-hand-landmarks-main/Lib/Camera_Middleware/sensors/cmw_vd66gy.c:112:12:VD6G_Read32	24	static
C:/Users/tompi/Downloads/versionf de code2-17/versionf de code2-17/x-cube-n6-ai-hand-landmarks-main/Lib/Camera_Middleware/sensors/cmw_vd66gy.c:119:12:VD6G_Write8	16	static
C:/Users/tompi/Downloads/versionf de code2-17/versionf de code2-17/x-cube-n6-ai-hand-landmarks-main/Lib/Camera_Middleware/sensors/cmw_vd66gy.c:126:12:VD6G_Write16	16	static
C:/Users/tompi/Downloads/versionf de code2-17/versionf de code2-17/x-cube-n6-ai-hand-landmarks-main/Lib/Camera_Middleware/sensors/cmw_vd66gy.c:133:12:VD6G_Write32	16	static
C:/Users/tompi/Downloads/versionf de code2-17/versionf de code2-17/x-cube-n6-ai-hand-landmarks-main/Lib/Camera_Middleware/sensors/cmw_vd66gy.c:140:12:VD6G_WriteArray	32	static
C:/Users/tompi/Downloads/versionf de code2-17/versionf de code2-17/x-cube-n6-ai-hand-landmarks-main/Lib/Camera_Middleware/sensors/cmw_vd66gy.c:160:13:VD6G_Delay	0	static
C:/Users/tompi/Downloads/versionf de code2-17/versionf de code2-17/x-cube-n6-ai-hand-landmarks-main/Lib/Camera_Middleware/sensors/cmw_vd66gy.c:167:13:VD6G_Log	0	static
C:/Users/tompi/Downloads/versionf de code2-17/versionf de code2-17/x-cube-n6-ai-hand-landmarks-main/Lib/Camera_Middleware/sensors/cmw_vd66gy.c:594:13:CMW_VD66GY_FrameEventCallback	0	static
C:/Users/tompi/Downloads/versionf de code2-17/versionf de code2-17/x-cube-n6-ai-hand-landmarks-main/Lib/Camera_Middleware/sensors/cmw_vd66gy.c:384:9:CMW_VD66GY_SetGain	72	static
C:/Users/tompi/Downloads/versionf de code2-17/versionf de code2-17/x-cube-n6-ai-hand-landmarks-main/Lib/Camera_Middleware/sensors/cmw_vd66gy.c:440:9:CMW_VD66GY_SetExposure	0	static
C:/Users/tompi/Downloads/versionf de code2-17/versionf de code2-17/x-cube-n6-ai-hand-landmarks-main/Lib/Camera_Middleware/sensors/cmw_vd66gy.c:451:9:CMW_VD66GY_SetExposureMode	8	static
C:/Users/tompi/Downloads/versionf de code2-17/versionf de code2-17/x-cube-n6-ai-hand-landmarks-main/Lib/Camera_Middleware/sensors/cmw_vd66gy.c:479:9:CMW_VD66GY_SetWBRefMode	8	static
C:/Users/tompi/Downloads/versionf de code2-17/versionf de code2-17/x-cube-n6-ai-hand-landmarks-main/Lib/Camera_Middleware/sensors/cmw_vd66gy.c:498:9:CMW_VD66GY_ListWBRefModes	8	static
C:/Users/tompi/Downloads/versionf de code2-17/versionf de code2-17/x-cube-n6-ai-hand-landmarks-main/Lib/Camera_Middleware/sensors/cmw_vd66gy.c:517:9:CMW_VD66GY_GetSensorInfo	56	static
C:/Users/tompi/Downloads/versionf de code2-17/versionf de code2-17/x-cube-n6-ai-hand-landmarks-main/Lib/Camera_Middleware/sensors/cmw_vd66gy.c:346:16:CMW_VD66GY_Stop	8	static
C:/Users/tompi/Downloads/versionf de code2-17/versionf de code2-17/x-cube-n6-ai-hand-landmarks-main/Lib/Camera_Middleware/sensors/cmw_vd66gy.c:304:16:CMW_VD66GY_Start	24	static
C:/Users/tompi/Downloads/versionf de code2-17/versionf de code2-17/x-cube-n6-ai-hand-landmarks-main/Lib/Camera_Middleware/sensors/cmw_vd66gy.c:358:16:CMW_VD66GY_DeInit	16	static
C:/Users/tompi/Downloads/versionf de code2-17/versionf de code2-17/x-cube-n6-ai-hand-landmarks-main/Lib/Camera_Middleware/sensors/cmw_vd66gy.c:333:16:CMW_VD66GY_Run	8	static
C:/Users/tompi/Downloads/versionf de code2-17/versionf de code2-17/x-cube-n6-ai-hand-landmarks-main/Lib/Camera_Middleware/sensors/cmw_vd66gy.c:574:13:CMW_VD66GY_VsyncEventCallback	8	static
C:/Users/tompi/Downloads/versionf de code2-17/versionf de code2-17/x-cube-n6-ai-hand-landmarks-main/Lib/Camera_Middleware/sensors/cmw_vd66gy.c:291:6:CMW_VD66GY_SetDefaultSensorValues	8	static
C:/Users/tompi/Downloads/versionf de code2-17/versionf de code2-17/x-cube-n6-ai-hand-landmarks-main/Lib/Camera_Middleware/sensors/cmw_vd66gy.c:232:16:CMW_VD66GY_Init	104	static
C:/Users/tompi/Downloads/versionf de code2-17/versionf de code2-17/x-cube-n6-ai-hand-landmarks-main/Lib/Camera_Middleware/sensors/cmw_vd66gy.c:598:9:VD66GY_RegisterBusIO	0	static
C:/Users/tompi/Downloads/versionf de code2-17/versionf de code2-17/x-cube-n6-ai-hand-landmarks-main/Lib/Camera_Middleware/sensors/cmw_vd66gy.c:613:9:VD66GY_ReadID	16	static
C:/Users/tompi/Downloads/versionf de code2-17/versionf de code2-17/x-cube-n6-ai-hand-landmarks-main/Lib/Camera_Middleware/sensors/cmw_vd66gy.c:639:5:CMW_VD66GY_Probe	24	static
