C:/Users/tompi/Downloads/versionf de code2-17/versionf de code2-17/x-cube-n6-ai-hand-landmarks-main/Lib/Camera_Middleware/sensors/cmw_vd55g1.c:56:12:CMW_VD55G1_Read32	24	static
C:/Users/tompi/Downloads/versionf de code2-17/versionf de code2-17/x-cube-n6-ai-hand-landmarks-main/Lib/Camera_Middleware/sensors/cmw_vd55g1.c:85:13:VD55G1_ShutdownPin	0	static
C:/Users/tompi/Downloads/versionf de code2-17/versionf de code2-17/x-cube-n6-ai-hand-landmarks-main/Lib/Camera_Middleware/sensors/cmw_vd55g1.c:92:12:VD55G1_Read8	4	static
C:/Users/tompi/Downloads/versionf de code2-17/versionf de code2-17/x-cube-n6-ai-hand-landmarks-main/Lib/Camera_Middleware/sensors/cmw_vd55g1.c:99:12:VD55G1_Read16	24	static
C:/Users/tompi/Downloads/versionf de code2-17/versionf de code2-17/x-cube-n6-ai-hand-landmarks-main/Lib/Camera_Middleware/sensors/cmw_vd55g1.c:106:12:VD55G1_Read32	0	static
C:/Users/tompi/Downloads/versionf de code2-17/versionf de code2-17/x-cube-n6-ai-hand-landmarks-main/Lib/Camera_Middleware/sensors/cmw_vd55g1.c:113:12:VD55G1_Write8	16	static
C:/Users/tompi/Downloads/versionf de code2-17/versionf de code2-17/x-cube-n6-ai-hand-landmarks-main/Lib/Camera_Middleware/sensors/cmw_vd55g1.c:120:12:VD55G1_Write16	16	static
C:/Users/tompi/Downloads/versionf de code2-17/versionf de code2-17/x-cube-n6-ai-hand-landmarks-main/Lib/Camera_Middleware/sensors/cmw_vd55g1.c:127:12:VD55G1_Write32	16	static
C:/Users/tompi/Downloads/versionf de code2-17/versionf de code2-17/x-cube-n6-ai-hand-landmarks-main/Lib/Camera_Middleware/sensors/cmw_vd55g1.c:134:12:VD55G1_WriteArray	32	static
C:/Users/tompi/Downloads/versionf de code2-17/versionf de code2-17/x-cube-n6-ai-hand-landmarks-main/Lib/Camera_Middleware/sensors/cmw_vd55g1.c:154:13:VD55G1_Delay	0	static
C:/Users/tompi/Downloads/versionf de code2-17/versionf de code2-17/x-cube-n6-ai-hand-landmarks-main/Lib/Camera_Middleware/sensors/cmw_vd55g1.c:161:13:VD55G1_Log	0	static
C:/Users/tompi/Downloads/versionf de code2-17/versionf de code2-17/x-cube-n6-ai-hand-landmarks-main/Lib/Camera_Middleware/sensors/cmw_vd55g1.c:179:16:CMW_VD55G1_GetSensorInfo	0	static
C:/Users/tompi/Downloads/versionf de code2-17/versionf de code2-17/x-cube-n6-ai-hand-landmarks-main/Lib/Camera_Middleware/sensors/cmw_vd55g1.c:346:16:CMW_VD55G1_MirrorFlipConfig	0	static
C:/Users/tompi/Downloads/versionf de code2-17/versionf de code2-17/x-cube-n6-ai-hand-landmarks-main/Lib/Camera_Middleware/sensors/cmw_vd55g1.c:314:16:CMW_VD55G1_Stop	8	static
C:/Users/tompi/Downloads/versionf de code2-17/versionf de code2-17/x-cube-n6-ai-hand-landmarks-main/Lib/Camera_Middleware/sensors/cmw_vd55g1.c:303:16:CMW_VD55G1_Start	8	static
C:/Users/tompi/Downloads/versionf de code2-17/versionf de code2-17/x-cube-n6-ai-hand-landmarks-main/Lib/Camera_Middleware/sensors/cmw_vd55g1.c:326:16:CMW_VD55G1_DeInit	16	static
C:/Users/tompi/Downloads/versionf de code2-17/versionf de code2-17/x-cube-n6-ai-hand-landmarks-main/Lib/Camera_Middleware/sensors/cmw_vd55g1.c:242:16:CMW_VD55G1_Init	88	static
C:/Users/tompi/Downloads/versionf de code2-17/versionf de code2-17/x-cube-n6-ai-hand-landmarks-main/Lib/Camera_Middleware/sensors/cmw_vd55g1.c:293:6:CMW_VD55G1_SetDefaultSensorValues	8	static
C:/Users/tompi/Downloads/versionf de code2-17/versionf de code2-17/x-cube-n6-ai-hand-landmarks-main/Lib/Camera_Middleware/sensors/cmw_vd55g1.c:410:5:CMW_VD55G1_Probe	24	static
