C:/Users/tompi/Downloads/versionf de code2-17/versionf de code2-17/x-cube-n6-ai-hand-landmarks-main/STM32Cube_FW_N6/Drivers/BSP/Components/aps256xx/aps256xx.c:50:9:APS256XX_Read	104	static
C:/Users/tompi/Downloads/versionf de code2-17/versionf de code2-17/x-cube-n6-ai-hand-landmarks-main/STM32Cube_FW_N6/Drivers/BSP/Components/aps256xx/aps256xx.c:100:9:APS256XX_Read_DMA	104	static
C:/Users/tompi/Downloads/versionf de code2-17/versionf de code2-17/x-cube-n6-ai-hand-landmarks-main/STM32Cube_FW_N6/Drivers/BSP/Components/aps256xx/aps256xx.c:151:9:APS256XX_Write	104	static
C:/Users/tompi/Downloads/versionf de code2-17/versionf de code2-17/x-cube-n6-ai-hand-landmarks-main/STM32Cube_FW_N6/Drivers/BSP/Components/aps256xx/aps256xx.c:202:9:APS256XX_Write_DMA	104	static
C:/Users/tompi/Downloads/versionf de code2-17/versionf de code2-17/x-cube-n6-ai-hand-landmarks-main/STM32Cube_FW_N6/Drivers/BSP/Components/aps256xx/aps256xx.c:251:9:APS256XX_EnableMemoryMappedMode	120	static
C:/Users/tompi/Downloads/versionf de code2-17/versionf de code2-17/x-cube-n6-ai-hand-landmarks-main/STM32Cube_FW_N6/Drivers/BSP/Components/aps256xx/aps256xx.c:310:9:APS256XX_ReadReg	104	static
C:/Users/tompi/Downloads/versionf de code2-17/versionf de code2-17/x-cube-n6-ai-hand-landmarks-main/STM32Cube_FW_N6/Drivers/BSP/Components/aps256xx/aps256xx.c:356:9:APS256XX_WriteReg	104	static
C:/Users/tompi/Downloads/versionf de code2-17/versionf de code2-17/x-cube-n6-ai-hand-landmarks-main/STM32Cube_FW_N6/Drivers/BSP/Components/aps256xx/aps256xx.c:404:9:APS256XX_ReadID	8	static
C:/Users/tompi/Downloads/versionf de code2-17/versionf de code2-17/x-cube-n6-ai-hand-landmarks-main/STM32Cube_FW_N6/Drivers/BSP/Components/aps256xx/aps256xx.c:427:9:APS256XX_EnterPowerDown	8	static
C:/Users/tompi/Downloads/versionf de code2-17/versionf de code2-17/x-cube-n6-ai-hand-landmarks-main/STM32Cube_FW_N6/Drivers/BSP/Components/aps256xx/aps256xx.c:447:9:APS256XX_LeavePowerDown	88	static
C:/Users/tompi/Downloads/versionf de code2-17/versionf de code2-17/x-cube-n6-ai-hand-landmarks-main/STM32Cube_FW_N6/Drivers/BSP/Components/aps256xx/aps256xx.c:488:9:APS256XX_Reset	88	static
